Starting backend and frontend together...
Press Ctrl+C to stop the full app.
[backend] Started 7 backend services.
[backend] Press Ctrl+C to stop all backend services.
[backend] [farmers] Server running on port 5003
[backend] [farmers] API endpoints:
[backend] [farmers]   - GET /api/farmers
[backend] [farmers]   - GET /api/farmers/:id
[backend] [farmers]   - GET /api/farmers/search
[backend] [farmers]   - GET /api/farmers/categories
[backend] [farmers]   - GET /api/farmers/cities
[backend] [farmers]   - GET /api/products
[backend] [farmers]   - GET /api/products/:id
[backend] [farmers]   - GET /api/products/search
[backend] [farmers]   - GET /api/products/categories
[backend] [payment] Payment backend running on port 4001
[backend] [auth] Server is running on port 5000
[backend] [auth] API Health check: http://localhost:5000/api/health
[backend] [auth] Connected to MySQL database
[backend] [products] Backend server running on port 5001
[backend] [admin-products] Products API server running on port 5050
[backend] [farmer-profile] Farmer Profile Server Running on http://localhost:5002/api/farmer
[backend] [admin-products] Connected to MySQL
[backend] [products] Connected to MySQL
[backend] [farmer-profile] ✓ MySQL Connected Successfully!
[frontend] Port 5173 is in use, trying another one...
[frontend] 
[frontend]   [32m[1mVITE[22m v6.3.5[39m  [2mready in [0m[1m725[22m[2m[0m ms[22m
[frontend] 
[frontend]   [32m➜[39m  [1mLocal[22m:   [36mhttp://localhost:[1m5174[22m/[39m
[frontend] [2m  [32m➜[39m  [1mNetwork[22m[2m: use [22m[1m--host[22m[2m to expose[22m
[backend] [customer-profile] ❌ Missing Google Drive config: GOOGLE_PROJECT_ID
[backend] [customer-profile] 💾 Using local storage for images (Google Drive not configured)
[backend] [customer-profile] Customer Profile Server Running on http://localhost:3000/api/customer
[backend] [customer-profile] ✓ MySQL Connected Successfully!
